
+------------------------------------+
|    1. Read the covariates & SNP    |
+------------------------------------+
(sampleDim, factorDim, nsnp): (245,4,10643)
(logN,logp,logq0,logp0,L,K,logQ) = (16,45,54,62,23,1,1106)
(niter,dim,nslots,nbatching,nencsnp,subblock) = (3,4,32768,32,1,16)
+------------------------------------+
|           Key Generation           |
+------------------------------------+
Scheme generation time = 33.1059 s
Memory Usage : 10.7208(GB)
+------------------------------------+
|             Encryption             |
+------------------------------------+
Encryption time (X and snp) = 37.2549 s
Memory Usage : 10.7241(GB)
+------------------------------------+
|             Evaluation             |
+------------------------------------+
+------------------------------------+
|          Step0: LogReg/cov         |
+------------------------------------+
Timing = 91.5787(s) , Mem : 10.7241(GB)
encBeta.l = 14, Beta = [0.106452,0.0219845,0.0211884,0.0467033]
--------------------------------------
+------------------------------------+
|     Step 1 & 2: Update weights     |
+------------------------------------+
Timing = 6.80098(s) , Mem : 10.7241(GB)
encW.l = 9, encWZ.l = 8
+------------------------------------+
|     Step 3.0: polyGen (for rep)    |
+------------------------------------+
Timing = 0.278043 s
+------------------------------------+
|    Step 3 & 5: Enc(sj^T * W * z)   |
+------------------------------------+
Timing = 46.0059(s) , Mem : 10.7241(GB)
+------------------------------------+
|    Step 3 & 4: Enc(sj^T * W * X)   |
+------------------------------------+
Timing = 76.7088(s) , Mem : 11.1587(GB)
+------------------------------------+
|         Step 6: X^T * W * z        |
+------------------------------------+
Timing = 1.38968(s) , Mem : 11.1587(GB)
(lvl(X^T * W * z), lvl(sj^T * W * Z), lvl(SWX)) = 2,2,3
----------------------
(Step 3&5) St * W * z : [-0.48606,-0.486251,-0.486584,-0.456848,-7.11444,-4.22926,-16.7034,-0.971366,-0.485829,-0.395234,]
----------------------
(Step 4&5) St * W * X: [0.24953,0.24957,0.249591,0.748586,6.73737,4.74115,13.7236,0.499066,0.249543,1.74642,]
----------------------
(Step 6) Zt * W * X : [-10.9565,-1.92151,-1.78722,-4.70337]
----------------------
+------------------------------------+
|      Step 7: (X^T * W * X)^-1      |
+------------------------------------+
Timing = 20.8552(s) , Mem : 11.1587(GB)
1/(s^3) * Adj.lvl = 3, [3.36555, -2.51918, -1.5307, -3.49527, 6.53853, 0.000209915, 0.192084, 11.44, -6.05209, 11.9698, ] 
1/(s^3) * det: 9.3 ?= 8.72383
+------------------------------------+
|             Step 8: Norm           |
+------------------------------------+
Timing = 0.760062(s) , Mem : 11.1587(GB)
*** Total Evaluation Timing = 244.377 s ***
+------------------------------------+
|             Decryption             |
+------------------------------------+
Timing = 0.0515518(s) , Mem : 11.1587(GB)
+------------------------------------+
|           Reconstruction           |
+------------------------------------+
Timing = 0.00314418(s) , Mem : 11.1587(GB)
+------------------------------------+
|          4. Quality Check          |
+------------------------------------+
vs pt(semi-parallel) = (0.994121,0.000658472,0.00587851,0.999342)
vs pt(gold) = 0.941215,0,0.0587851,1)
