
+------------------------------------+
|    1. Read the covariates & SNP    |
+------------------------------------+
(sampleDim, factorDim, nsnp): (245,4,10643)
(logN,logp,logq0,logp0,L,K,logQ) = (15,43,51,60,15,1,713)
(niter,dim,nslots,nbatching,nencsnp,subblock) = (1,4,16384,16,1,16)
+------------------------------------+
|           Key Generation           |
+------------------------------------+
Scheme generation time = 7.0609 s
Memory Usage : 2.32032(GB)
+------------------------------------+
|             Encryption             |
+------------------------------------+
Encryption time (X and snp) = 13.9683 s
Memory Usage : 5.40754(GB)
+------------------------------------+
|             Evaluation             |
+------------------------------------+
+------------------------------------+
|          Step0: LogReg/cov         |
+------------------------------------+
Timing = 3.80021(s) , Mem : 5.57529(GB)
encBeta.l = 14, Beta = [0.0591838,0.0132778,0.0129967,0.0262862]
--------------------------------------
+------------------------------------+
|     Step 1 & 2: Update weights     |
+------------------------------------+
Timing = 3.12413(s) , Mem : 5.703(GB)
encW.l = 9, encWZ.l = 8
+------------------------------------+
|     Step 3.0: polyGen (for rep)    |
+------------------------------------+
Timing = 0.129852 s
+------------------------------------+
|    Step 3 & 5: Enc(sj^T * W * z)   |
+------------------------------------+
Timing = 19.1091(s) , Mem : 7.67008(GB)
+------------------------------------+
|    Step 3 & 4: Enc(sj^T * W * X)   |
+------------------------------------+
Timing = 27.7047(s) , Mem : 9.77239(GB)
+------------------------------------+
|         Step 6: X^T * W * z        |
+------------------------------------+
Timing = 0.59349(s) , Mem : 9.77435(GB)
(lvl(X^T * W * z), lvl(sj^T * W * Z), lvl(SWX)) = 2,2,3
----------------------
(Step 3&5) St * W * z : [-0.492188,-0.49227,-0.492449,-0.47562,-7.28235,-4.34721,-17.0504,-0.983842,-0.492009,-0.440743,]
----------------------
(Step 4&5) St * W * X: [0.249799,0.249864,0.249871,0.749551,6.746,4.7472,13.7416,0.499704,0.249855,1.74886,]
----------------------
(Step 6) Zt * W * X : [-12.499,-2.50059,-2.39478,-5.45906]
----------------------
+------------------------------------+
|      Step 7: (X^T * W * X)^-1      |
+------------------------------------+
Timing = 9.09794(s) , Mem : 10.3498(GB)
1/(s^3) * Adj.lvl = 3, [3.40384, -2.55366, -1.51231, -3.53378, 6.58892, -0.0244154, 0.216891, 11.51, -6.10095, 12.0419, ] 
1/(s^3) * det: 9.3 ?= 9.58483
+------------------------------------+
|             Step 8: Norm           |
+------------------------------------+
Timing = 0.353241(s) , Mem : 10.3498(GB)
*** Total Evaluation Timing = 63.9127 s ***
+------------------------------------+
|             Decryption             |
+------------------------------------+
Timing = 0.0258131(s) , Mem : 10.3498(GB)
+------------------------------------+
|           Reconstruction           |
+------------------------------------+
Timing = 0.000654019(s) , Mem : 10.3498(GB)
+------------------------------------+
|          4. Quality Check          |
+------------------------------------+
vs pt(semi-parallel) = (1,0.00686424,0,0.993136)
vs pt(gold) = 0.974744,0.00141643,0.025256,0.998584)
