
+------------------------------------+
|    1. Read the covariates & SNP    |
+------------------------------------+
(sampleDim, factorDim, nsnp): (245,4,10643)
(logN,logp,logq0,logp0,L,K,logQ) = (15,43,51,60,19,1,885)
(niter,dim,nslots,nbatching,nencsnp,subblock) = (2,4,16384,16,1,16)
+------------------------------------+
|           Key Generation           |
+------------------------------------+
Scheme generation time = 11.2945 s
Memory Usage : 3.58303(GB)
+------------------------------------+
|             Encryption             |
+------------------------------------+
Encryption time (X and snp) = 14.036 s
Memory Usage : 6.67141(GB)
+------------------------------------+
|             Evaluation             |
+------------------------------------+
+------------------------------------+
|          Step0: LogReg/cov         |
+------------------------------------+
Timing = 13.5888(s) , Mem : 7.18756(GB)
encBeta.l = 14, Beta = [0.0596569,0.0133652,0.013079,0.0264908]
--------------------------------------
+------------------------------------+
|     Step 1 & 2: Update weights     |
+------------------------------------+
Timing = 3.21113(s) , Mem : 7.22565(GB)
encW.l = 9, encWZ.l = 8
+------------------------------------+
|     Step 3.0: polyGen (for rep)    |
+------------------------------------+
Timing = 0.136487 s
+------------------------------------+
|    Step 3 & 5: Enc(sj^T * W * z)   |
+------------------------------------+
Timing = 19.4978(s) , Mem : 8.95635(GB)
+------------------------------------+
|    Step 3 & 4: Enc(sj^T * W * X)   |
+------------------------------------+
Timing = 31.3857(s) , Mem : 8.95635(GB)
+------------------------------------+
|         Step 6: X^T * W * z        |
+------------------------------------+
Timing = 0.646781(s) , Mem : 8.95635(GB)
(lvl(X^T * W * z), lvl(sj^T * W * Z), lvl(SWX)) = 2,2,3
----------------------
(Step 3&5) St * W * z : [-0.492117,-0.492208,-0.492389,-0.475431,-7.28066,-4.34602,-17.0469,-0.983716,-0.491947,-0.440285,]
----------------------
(Step 4&5) St * W * X: [0.249807,0.249864,0.249869,0.749544,6.74593,4.74715,13.7415,0.499699,0.249853,1.74884,]
----------------------
(Step 6) Zt * W * X : [-12.4834,-2.49475,-2.38866,-5.45145]
----------------------
+------------------------------------+
|      Step 7: (X^T * W * X)^-1      |
+------------------------------------+
Timing = 10.0973(s) , Mem : 8.95635(GB)
1/(s^3) * Adj.lvl = 3, [3.39754, -2.54766, -1.51843, -3.52751, 6.58271, -0.0182038, 0.210679, 11.5036, -6.09465, 12.0356, ] 
1/(s^3) * det: 9.3 ?= 9.37528
+------------------------------------+
|             Step 8: Norm           |
+------------------------------------+
Timing = 0.358248(s) , Mem : 8.95635(GB)
*** Total Evaluation Timing = 78.9222 s ***
+------------------------------------+
|             Decryption             |
+------------------------------------+
Timing = 0.0203565(s) , Mem : 8.95635(GB)
+------------------------------------+
|           Reconstruction           |
+------------------------------------+
Timing = 0.00179145(s) , Mem : 8.95635(GB)
+------------------------------------+
|          4. Quality Check          |
+------------------------------------+
vs pt(semi-parallel) = (1,0.00556404,0,0.994436)
vs pt(gold) = 0.968856,0.00109099,0.0311442,0.998909)
