
+------------------------------------+
|    1. Read the covariates & SNP    |
+------------------------------------+
(sampleDim, factorDim, nsnp): (245,4,10643)
(logN,logp,logq0,logp0,L,K,logQ) = (16,45,54,62,23,1,1106)
(niter,dim,nslots,nbatching,nencsnp,subblock) = (3,4,32768,32,1,16)
+------------------------------------+
|           Key Generation           |
+------------------------------------+
Scheme generation time = 36.1784 s
Memory Usage : 9.64322(GB)
+------------------------------------+
|             Encryption             |
+------------------------------------+
Encryption time (X and snp) = 35.2296 s
Memory Usage : 9.64322(GB)
+------------------------------------+
|             Evaluation             |
+------------------------------------+
+------------------------------------+
|          Step0: LogReg/cov         |
+------------------------------------+
Timing = 90.4816(s) , Mem : 9.64322(GB)
encBeta.l = 14, Beta = [0.106452,0.0219845,0.0211885,0.0467032]
--------------------------------------
+------------------------------------+
|     Step 1 & 2: Update weights     |
+------------------------------------+
Timing = 6.70571(s) , Mem : 9.64322(GB)
encW.l = 9, encWZ.l = 8
+------------------------------------+
|     Step 3.0: polyGen (for rep)    |
+------------------------------------+
Timing = 0.281168 s
+------------------------------------+
|    Step 3 & 5: Enc(sj^T * W * z)   |
+------------------------------------+
Timing = 46.2228(s) , Mem : 10.7127(GB)
+------------------------------------+
|    Step 3 & 4: Enc(sj^T * W * X)   |
+------------------------------------+
Timing = 78.8152(s) , Mem : 11.0754(GB)
+------------------------------------+
|         Step 6: X^T * W * z        |
+------------------------------------+
Timing = 1.39032(s) , Mem : 11.0754(GB)
(lvl(X^T * W * z), lvl(sj^T * W * Z), lvl(SWX)) = 2,2,3
----------------------
(Step 3&5) St * W * z : [-0.48606,-0.486251,-0.486583,-0.456848,-7.11444,-4.22927,-16.7034,-0.971366,-0.485829,-0.395235,]
----------------------
(Step 4&5) St * W * X: [0.24953,0.24957,0.249591,0.748586,6.73737,4.74115,13.7236,0.499066,0.249543,1.74642,]
----------------------
(Step 6) Zt * W * X : [-10.9565,-1.92151,-1.78722,-4.70337]
----------------------
+------------------------------------+
|      Step 7: (X^T * W * X)^-1      |
+------------------------------------+
Timing = 20.86(s) , Mem : 11.0754(GB)
1/(s^3) * Adj.lvl = 3, [3.36559, -2.51942, -1.5308, -3.49529, 6.53845, 0.000363764, 0.19196, 11.4399, -6.05214, 11.9697, ] 
1/(s^3) * det: 9.3 ?= 8.71774
+------------------------------------+
|             Step 8: Norm           |
+------------------------------------+
Timing = 0.76865(s) , Mem : 11.0754(GB)
*** Total Evaluation Timing = 245.525 s ***
+------------------------------------+
|             Decryption             |
+------------------------------------+
Timing = 0.0534226(s) , Mem : 11.0754(GB)
+------------------------------------+
|           Reconstruction           |
+------------------------------------+
Timing = 0.00547821(s) , Mem : 11.0754(GB)
+------------------------------------+
|          4. Quality Check          |
+------------------------------------+
vs pt(semi-parallel) = (0.994121,0.000658472,0.00587851,0.999342)
vs pt(gold) = 0.941215,0,0.0587851,1)
