
+------------------------------------+
|    1. Read the covariates & SNP    |
+------------------------------------+
(sampleDim, factorDim, nsnp): (245,4,10643)
(logN,logp,logq0,logp0,L,K,logQ) = (15,43,51,60,15,1,713)
(niter,dim,nslots,nbatching,nencsnp,subblock) = (1,4,16384,16,1,16)
+------------------------------------+
|           Key Generation           |
+------------------------------------+
Scheme generation time = 7.22857 s
Memory Usage : 2.32028(GB)
+------------------------------------+
|             Encryption             |
+------------------------------------+
Encryption time (X and snp) = 14.0004 s
Memory Usage : 5.40847(GB)
+------------------------------------+
|             Evaluation             |
+------------------------------------+
+------------------------------------+
|          Step0: LogReg/cov         |
+------------------------------------+
Timing = 3.89148(s) , Mem : 5.57622(GB)
encBeta.l = 14, Beta = [0.0591838,0.0132778,0.0129967,0.0262862]
--------------------------------------
+------------------------------------+
|     Step 1 & 2: Update weights     |
+------------------------------------+
Timing = 3.24172(s) , Mem : 5.70295(GB)
encW.l = 9, encWZ.l = 8
+------------------------------------+
|     Step 3.0: polyGen (for rep)    |
+------------------------------------+
Timing = 0.136974 s
+------------------------------------+
|    Step 3 & 5: Enc(sj^T * W * z)   |
+------------------------------------+
Timing = 20.3766(s) , Mem : 6.53819(GB)
+------------------------------------+
|    Step 3 & 4: Enc(sj^T * W * X)   |
+------------------------------------+
Timing = 28.9612(s) , Mem : 6.89188(GB)
+------------------------------------+
|         Step 6: X^T * W * z        |
+------------------------------------+
Timing = 0.731064(s) , Mem : 6.89188(GB)
(lvl(X^T * W * z), lvl(sj^T * W * Z), lvl(SWX)) = 2,2,3
----------------------
(Step 3&5) St * W * z : [-0.492188,-0.492271,-0.492449,-0.47562,-7.28235,-4.34721,-17.0504,-0.983842,-0.492009,-0.440743,]
----------------------
(Step 4&5) St * W * X: [0.249799,0.249864,0.249871,0.749551,6.746,4.7472,13.7416,0.499704,0.249855,1.74886,]
----------------------
(Step 6) Zt * W * X : [-12.499,-2.50059,-2.39478,-5.45906]
----------------------
+------------------------------------+
|      Step 7: (X^T * W * X)^-1      |
+------------------------------------+
Timing = 9.62909(s) , Mem : 6.89188(GB)
1/(s^3) * Adj.lvl = 3, [3.40368, -2.55378, -1.5124, -3.53368, 6.58895, -0.0243386, 0.216681, 11.51, -6.10087, 12.042, ] 
1/(s^3) * det: 9.3 ?= 9.57276
+------------------------------------+
|             Step 8: Norm           |
+------------------------------------+
Timing = 0.367381(s) , Mem : 6.89188(GB)
*** Total Evaluation Timing = 67.3356 s ***
+------------------------------------+
|             Decryption             |
+------------------------------------+
Timing = 0.0259514(s) , Mem : 6.89188(GB)
+------------------------------------+
|           Reconstruction           |
+------------------------------------+
Timing = 0.00733489(s) , Mem : 6.89188(GB)
+------------------------------------+
|          4. Quality Check          |
+------------------------------------+
vs pt(semi-parallel) = (1,0.00643122,0,0.993569)
vs pt(gold) = 0.972771,0.00130804,0.0272294,0.998692)
