
+------------------------------------+
|    1. Read the covariates & SNP    |
+------------------------------------+
(sampleDim, factorDim, nsnp): (245,4,10643)
+------------------------------------+
|       2. Pre-training / cov        |
+------------------------------------+
(IPmin, IPmax) = (0,0)
0: (gamma = 0.00408163 : w = [0.0591837,0.0132778,0.0129967,0.0262862], v = [0.000597695,0.000134093,0.000131253,0.000265464]
Correctness: 100 %.
n_test_yi = 0 : cannot compute AUC
Logistic regression with covariates (using NLGD) / niter = 1, deg(sig) = 3 / , Correctness: 100 %, AUC: 0
+------------------------------------+
|         3. Training / snps         |
+------------------------------------+
(IPmin, IPmax) = (0.0650303,0.102474)
wData: [0.0591837, 0.0132778, 0.0129967, 0.0262862]
p[i]: [0.515382, 0.514485, 0.51269, 0.511621, 0.512323, 0.51301, 0.512292, 0.512318, 0.511177, 0.511093]
wvec: [0.249763, 0.24979, 0.249839, 0.249865, 0.249848, 0.249831, 0.249849, 0.249848, 0.249875, 0.249877]
zvec: [2.04278, -1.96317, 2.03503, -1.97017, -1.96844, -1.96676, -1.96852, -1.96846, -1.97127, 2.03049]
 (X^T * W * X): 
[61.21284345	22.80230608	23.7957469	29.58813172]
[22.80230608	9.912863085	8.849016592	10.98957643]
[23.7957469	8.849016592	10.35894856	12.06358805]
[29.58813172	10.98957643	12.06358805	15.36205632]
 (X^T * W * X)^-1: 
[0.3639962682	-0.2728758683	-0.1629314443	-0.3779208572]
[-0.2728758683	0.705306405	-0.001723890384	0.02237101494]
[-0.1629314443	-0.001723890384	1.232753876	-0.6530149904]
[-0.3779208572	0.02237101494	-0.6530149904	1.289790087]
det = 74.64074836
================================
 1/2 * X^T * W * X: 
[30.60642173	11.40115304	11.89787345	14.79406586]
[11.40115304	4.956431543	4.424508296	5.494788215]
[11.89787345	4.424508296	5.179474278	6.031794024]
[14.79406586	5.494788215	6.031794024	7.68102816]
 (1/2 X^T * W * X)^-1: 
[0.7279925364	-0.5457517365	-0.3258628886	-0.7558417143]
[-0.5457517365	1.41061281	-0.003447780767	0.04474202988]
[-0.3258628886	-0.003447780767	2.465507751	-1.306029981]
[-0.7558417143	0.04474202988	-1.306029981	2.579580173]
4 * det = 9.330093545
adj = 
[3.396119232	-2.545957377	-1.520165617	-3.52603695]
[-2.545957377	6.580574737	-0.01608405854	0.2087236621]
[-1.520165617	-0.01608405854	11.50170898	-6.092690947]
[-3.52603695	0.2087236621	-6.092690947	12.03386216]
Zt * W * X:-12.49899303,-2.500586912,-2.394780179,-5.459060554,
+------------------------------------+
|       2. Pre-training / cov        |
+------------------------------------+
(IPmin, IPmax) = (0,0)
0: (gamma = 0.00408163 : w = [0.0591837,0.0132778,0.0129967,0.0262862], v = [0.000597695,0.000134093,0.000131253,0.000265464]
(IPmin, IPmax) = (-0.000976685,0.00103488)
1: (gamma = 0.00408163 : w = [0.0596572,0.0133652,0.013079,0.0264908], v = [0.0596573,0.0133652,0.013079,0.0264908]
Correctness: 100 %.
n_test_yi = 0 : cannot compute AUC
Logistic regression with covariates (using NLGD) / niter = 2, deg(sig) = 3 / , Correctness: 100 %, AUC: 0
+------------------------------------+
|         3. Training / snps         |
+------------------------------------+
(IPmin, IPmax) = (0.0655418,0.103261)
wData: [0.0596572, 0.0133652, 0.013079, 0.0264908]
p[i]: [0.5155, 0.514596, 0.512789, 0.511713, 0.512419, 0.51311, 0.512388, 0.512414, 0.511265, 0.511181]
wvec: [0.24976, 0.249787, 0.249836, 0.249863, 0.249846, 0.249828, 0.249847, 0.249846, 0.249873, 0.249875]
zvec: [2.04313, -1.9629, 2.03532, -1.96995, -1.96821, -1.96651, -1.96828, -1.96822, -1.97105, 2.03074]
 (X^T * W * X): 
[61.21226338	22.80208615	23.795515	29.58784343]
[22.80208615	9.912765972	8.848928698	10.98946716]
[23.795515	8.848928698	10.35884516	12.06346742]
[29.58784343	10.98946716	12.06346742	15.36190294]
 (X^T * W * X)^-1: 
[0.3639997059	-0.2728785771	-0.1629329982	-0.3779244833]
[-0.2728785771	0.7053132545	-0.001723922524	0.0223714636]
[-0.1629329982	-0.001723922524	1.232765774	-0.6530212271]
[-0.3779244833	0.0223714636	-0.6530212271	1.289802464]
det = 74.63787662
================================
 1/2 * X^T * W * X: 
[30.60613169	11.40104308	11.8977575	14.79392172]
[11.40104308	4.956382986	4.424464349	5.494733579]
[11.8977575	4.424464349	5.179422579	6.031733708]
[14.79392172	5.494733579	6.031733708	7.680951472]
 (1/2 X^T * W * X)^-1: 
[0.7279994119	-0.5457571542	-0.3258659965	-0.7558489665]
[-0.5457571542	1.410626509	-0.003447845048	0.04474292719]
[-0.3258659965	-0.003447845048	2.465531547	-1.306042454]
[-0.7558489665	0.04474292719	-1.306042454	2.579604928]
4 * det = 9.329734577
adj = 
[3.396020643	-2.545884696	-1.520121627	-3.525935119]
[-2.545884696	6.580385458	-0.01608373958	0.2087198175]
[-1.520121627	-0.01608373958	11.50137746	-6.092514723]
[-3.525935119	0.2087198175	-6.092514723	12.03351465]
Zt * W * X:-12.48347256,-2.49475959,-2.388665939,-5.451455696,
+------------------------------------+
|       2. Pre-training / cov        |
+------------------------------------+
(IPmin, IPmax) = (0,0)
0: (gamma = 0.00408163 : w = [0.0591837,0.0132778,0.0129967,0.0262862], v = [0.000597695,0.000134093,0.000131253,0.000265464]
(IPmin, IPmax) = (-0.000976685,0.00103488)
1: (gamma = 0.00408163 : w = [0.0596572,0.0133652,0.013079,0.0264908], v = [0.0596573,0.0133652,0.013079,0.0264908]
(IPmin, IPmax) = (-0.0974543,0.103261)
2: (gamma = 0.00408163 : w = [0.106453,0.0219846,0.0211885,0.0467033], v = [0.119639,0.0244133,0.0234736,0.0523988]
Correctness: 100 %.
n_test_yi = 0 : cannot compute AUC
Logistic regression with covariates (using NLGD) / niter = 3, deg(sig) = 3 / , Correctness: 100 %, AUC: 0
+------------------------------------+
|         3. Training / snps         |
+------------------------------------+
(IPmin, IPmax) = (0.116078,0.181054)
wData: [0.106453, 0.0219846, 0.0211885, 0.0467033]
p[i]: [0.52717, 0.525558, 0.522569, 0.520752, 0.521924, 0.523045, 0.521831, 0.521926, 0.519998, 0.519797]
wvec: [0.249262, 0.249347, 0.249491, 0.249569, 0.249519, 0.249469, 0.249523, 0.249519, 0.2496, 0.249608]
zvec: [2.07797, -1.93744, 2.064, -1.94834, -1.94564, -1.94308, -1.94586, -1.94564, -1.95009, 2.05573]
 (X^T * W * X): 
[61.13283021	22.77198378	23.76377139	29.54837345]
[22.77198378	9.899478411	8.836902793	10.97451364]
[23.76377139	8.836902793	10.34469756	12.04695728]
[29.54837345	10.97451364	12.04695728	15.34090671]
 (X^T * W * X)^-1: 
[0.3644709863	-0.2732498407	-0.1631461307	-0.378421325]
[-0.2732498407	0.706252029	-0.001727994636	0.0224323698]
[-0.1631461307	-0.001727994636	1.234395117	-0.6538752065]
[-0.378421325	0.0224323698	-0.6538752065	1.291498432]
det = 74.24562393
================================
 1/2 * X^T * W * X: 
[30.56641511	11.38599189	11.88188569	14.77418672]
[11.38599189	4.949739205	4.418451396	5.487256819]
[11.88188569	4.418451396	5.172348778	6.023478639]
[14.77418672	5.487256819	6.023478639	7.670453356]
 (1/2 X^T * W * X)^-1: 
[0.7289419727	-0.5464996815	-0.3262922614	-0.75684265]
[-0.5464996815	1.412504058	-0.003455989272	0.04486473961]
[-0.3262922614	-0.003455989272	2.468790234	-1.307750413]
[-0.75684265	0.04486473961	-1.307750413	2.582996864]
4 * det = 9.280702992
adj = 
[3.382546973	-2.535950614	-1.514110783	-3.512015923]
[-2.535950614	6.554515319	-0.01603700499	0.2081881616]
[-1.514110783	-0.01603700499	11.45605446	-6.068421585]
[-3.512015923	0.2081881616	-6.068421585	11.98601336]
Zt * W * X:-10.95658524,-1.921525908,-1.787232471,-4.703389604,
+------------------------------------+
| 4. Quality check  (TP, FP, FN, TN) |
+------------------------------------+
#(GD iter) = 1
vs pt(semi-parallel) = (1,0.00523846,0,0.994762)
vs pt(gold) = 0.967568,0.000982211,0.0324324,0.999018)
=================================
#(GD iter) = 2
vs pt(semi-parallel) = (1,0.00523846,0,0.994762)
vs pt(gold) = 0.967568,0.000982211,0.0324324,0.999018)
=================================
#(GD iter) = 3
vs pt(semi-parallel) = (1,0.00523846,0,0.994762)
vs pt(gold) = 0.967568,0.000982211,0.0324324,0.999018)
=================================
